// Jest Snapshot v1, https://goo.gl/fbAQLP

exports[`renders homepage 1`] = `
<WithStyles(ForwardRef(Grid))
  item={true}
  xs={12}
>
  <SearchRow
    addSearchRow={[Function]}
    counter={0}
    key="0"
    removeSearchRow={[Function]}
  />
</WithStyles(ForwardRef(Grid))>
`;
