// Jest Snapshot v1, https://goo.gl/fbAQLP

exports[`renders homepage 1`] = `
<WithStyles(ForwardRef(Container))>
  <form
    onSubmit={[Function]}
  >
    <WithStyles(ForwardRef(Grid))
      container={true}
      spacing={3}
    >
      <WithStyles(ForwardRef(Grid))
        item={true}
        xs={12}
      >
        <WithStyles(ForwardRef(InputLabel))>
          Search query
        </WithStyles(ForwardRef(InputLabel))>
        <WithStyles(ForwardRef(TextField))
          fullWidth={true}
          onChange={[Function]}
          value=""
        />
      </WithStyles(ForwardRef(Grid))>
      <WithStyles(ForwardRef(Grid))
        item={true}
        xs={3}
      >
        <WithStyles(ForwardRef(InputLabel))>
          From Year
        </WithStyles(ForwardRef(InputLabel))>
      </WithStyles(ForwardRef(Grid))>
      <WithStyles(ForwardRef(Grid))
        item={true}
        xs={3}
      >
        <WithStyles(ForwardRef(Select))
          fullWidth={true}
          label="From Year"
          onChange={[Function]}
          value=""
        >
          <WithStyles(ForwardRef(MenuItem))
            value=""
          >
             
          </WithStyles(ForwardRef(MenuItem))>
          <WithStyles(ForwardRef(MenuItem))
            key="0"
            value={2020}
          >
            2020
          </WithStyles(ForwardRef(MenuItem))>
          <WithStyles(ForwardRef(MenuItem))
            key="1"
            value={2019}
          >
            2019
          </WithStyles(ForwardRef(MenuItem))>
          <WithStyles(ForwardRef(MenuItem))
            key="2"
            value={2018}
          >
            2018
          </WithStyles(ForwardRef(MenuItem))>
          <WithStyles(ForwardRef(MenuItem))
            key="3"
            value={2017}
          >
            2017
          </WithStyles(ForwardRef(MenuItem))>
          <WithStyles(ForwardRef(MenuItem))
            key="4"
            value={2016}
          >
            2016
          </WithStyles(ForwardRef(MenuItem))>
          <WithStyles(ForwardRef(MenuItem))
            key="5"
            value={2015}
          >
            2015
          </WithStyles(ForwardRef(MenuItem))>
          <WithStyles(ForwardRef(MenuItem))
            key="6"
            value={2014}
          >
            2014
          </WithStyles(ForwardRef(MenuItem))>
          <WithStyles(ForwardRef(MenuItem))
            key="7"
            value={2013}
          >
            2013
          </WithStyles(ForwardRef(MenuItem))>
          <WithStyles(ForwardRef(MenuItem))
            key="8"
            value={2012}
          >
            2012
          </WithStyles(ForwardRef(MenuItem))>
          <WithStyles(ForwardRef(MenuItem))
            key="9"
            value={2011}
          >
            2011
          </WithStyles(ForwardRef(MenuItem))>
        </WithStyles(ForwardRef(Select))>
      </WithStyles(ForwardRef(Grid))>
      <WithStyles(ForwardRef(Grid))
        item={true}
        xs={3}
      >
        <WithStyles(ForwardRef(InputLabel))>
          To Year
        </WithStyles(ForwardRef(InputLabel))>
      </WithStyles(ForwardRef(Grid))>
      <WithStyles(ForwardRef(Grid))
        item={true}
        xs={3}
      >
        <WithStyles(ForwardRef(Select))
          fullWidth={true}
          label="To Year"
          onChange={[Function]}
          value=""
        >
          <WithStyles(ForwardRef(MenuItem))
            value=""
          >
             
          </WithStyles(ForwardRef(MenuItem))>
          <WithStyles(ForwardRef(MenuItem))
            key="0"
            value={2020}
          >
            2020
          </WithStyles(ForwardRef(MenuItem))>
          <WithStyles(ForwardRef(MenuItem))
            key="1"
            value={2019}
          >
            2019
          </WithStyles(ForwardRef(MenuItem))>
          <WithStyles(ForwardRef(MenuItem))
            key="2"
            value={2018}
          >
            2018
          </WithStyles(ForwardRef(MenuItem))>
          <WithStyles(ForwardRef(MenuItem))
            key="3"
            value={2017}
          >
            2017
          </WithStyles(ForwardRef(MenuItem))>
          <WithStyles(ForwardRef(MenuItem))
            key="4"
            value={2016}
          >
            2016
          </WithStyles(ForwardRef(MenuItem))>
          <WithStyles(ForwardRef(MenuItem))
            key="5"
            value={2015}
          >
            2015
          </WithStyles(ForwardRef(MenuItem))>
          <WithStyles(ForwardRef(MenuItem))
            key="6"
            value={2014}
          >
            2014
          </WithStyles(ForwardRef(MenuItem))>
          <WithStyles(ForwardRef(MenuItem))
            key="7"
            value={2013}
          >
            2013
          </WithStyles(ForwardRef(MenuItem))>
          <WithStyles(ForwardRef(MenuItem))
            key="8"
            value={2012}
          >
            2012
          </WithStyles(ForwardRef(MenuItem))>
          <WithStyles(ForwardRef(MenuItem))
            key="9"
            value={2011}
          >
            2011
          </WithStyles(ForwardRef(MenuItem))>
        </WithStyles(ForwardRef(Select))>
      </WithStyles(ForwardRef(Grid))>
      <SearchCriteria />
      <WithStyles(ForwardRef(Grid))
        item={true}
        xs={2}
      >
        <WithStyles(ForwardRef(Button))
          color="primary"
          type="submit"
          variant="contained"
        >
          Search
        </WithStyles(ForwardRef(Button))>
      </WithStyles(ForwardRef(Grid))>
      <WithStyles(ForwardRef(Grid))
        item={true}
        xs={2}
      >
        <Link
          to="/create"
        >
          Submit new article
        </Link>
      </WithStyles(ForwardRef(Grid))>
    </WithStyles(ForwardRef(Grid))>
  </form>
  <SearchResult
    evidences={Array []}
  />
</WithStyles(ForwardRef(Container))>
`;
