// Jest Snapshot v1, https://goo.gl/fbAQLP

exports[`renders homepage 1`] = `
<WithStyles(ForwardRef(FormControlLabel))
  control={
    <ForwardRef(WithStyles)
      checked={true}
      name="title"
    />
  }
  label="Title"
/>
`;
