// Jest Snapshot v1, https://goo.gl/fbAQLP

exports[`renders homepage 1`] = `
<Provider
  store={
    Object {
      "dispatch": [Function],
      "getState": [Function],
      "replaceReducer": [Function],
      "subscribe": [Function],
      Symbol(observable): [Function],
    }
  }
>
  <BrowserRouter>
    <WithStyles(ForwardRef(AppBar))
      position="static"
    >
      <WithStyles(ForwardRef(Container))>
        <WithStyles(ForwardRef(Toolbar))>
          <WithStyles(ForwardRef(Typography))
            variant="h6"
          >
            SEER APP TEAM 8 - SDM 2020
          </WithStyles(ForwardRef(Typography))>
        </WithStyles(ForwardRef(Toolbar))>
      </WithStyles(ForwardRef(Container))>
    </WithStyles(ForwardRef(AppBar))>
    <Styled(WithStyles(ForwardRef(Container)))>
      <Route
        component={[Function]}
        exact={true}
        path="/"
      />
      <Route
        component={[Function]}
        exact={true}
        path="/create"
      />
    </Styled(WithStyles(ForwardRef(Container)))>
  </BrowserRouter>
</Provider>
`;
